src/components/agenda/CalendarView.tsx(534,5): error TS6133: 'id' is declared but its value is never read.
src/components/agenda/CalendarView.tsx(671,5): error TS6133: 'isMonthly' is declared but its value is never read.
src/components/ai-chat/ChatMessageItem.tsx(5,16): error TS6133: 'Sparkles' is declared but its value is never read.
src/components/dashboard/MorningBriefing.tsx(7,31): error TS6133: 'Zap' is declared but its value is never read.
src/components/dashboard/MorningBriefing.tsx(7,36): error TS6133: 'Activity' is declared but its value is never read.
src/components/dashboard/MorningBriefing.tsx(23,49): error TS6133: 'pendingPatients' is declared but its value is never read.
src/components/dashboard/SmartInsightsWidget.tsx(8,44): error TS6133: 'Brain' is declared but its value is never read.
src/components/dashboard/SmartInsightsWidget.tsx(9,30): error TS6133: 'UserX' is declared but its value is never read.
src/components/dashboard/SmartInsightsWidget.tsx(46,9): error TS6133: 'Icon' is declared but its value is never read.
src/components/dashboard/SmartInsightsWidget.tsx(47,9): error TS6133: 'typeColors' is declared but its value is never read.
src/components/financeiro/InvoicesListPanel.tsx(5,91): error TS6133: 'Copy' is declared but its value is never read.
src/components/financeiro/InvoicesListPanel.tsx(5,97): error TS6133: 'User' is declared but its value is never read.
src/components/financeiro/InvoicesListPanel.tsx(5,103): error TS6133: 'CalendarDays' is declared but its value is never read.
src/components/financeiro/InvoicesListPanel.tsx(8,1): error TS6133: 'ptBR' is declared but its value is never read.
src/components/financeiro/InvoicesListPanel.tsx(9,18): error TS6133: 'AnimatePresence' is declared but its value is never read.
src/components/financeiro/InvoicesListPanel.tsx(11,1): error TS6133: 'ScrollArea' is declared but its value is never read.
src/components/financeiro/NeuroNexBankPanel.tsx(14,5): error TS6133: 'Zap' is declared but its value is never read.
src/components/financeiro/NeuroNexBankPanel.tsx(15,5): error TS6133: 'CreditCard' is declared but its value is never read.
src/components/financeiro/NeuroNexBankPanel.tsx(18,5): error TS6133: 'Smartphone' is declared but its value is never read.
src/components/financeiro/NeuroNexBankPanel.tsx(21,5): error TS6133: 'Activity' is declared but its value is never read.
src/components/financeiro/NfseGenerateModal.tsx(5,10): error TS6133: 'ArrowLeft' is declared but its value is never read.
src/components/financeiro/NfseGenerateModal.tsx(5,44): error TS6133: 'AlertCircle' is declared but its value is never read.
src/components/financeiro/RequirementsList.tsx(3,1): error TS6133: 'React' is declared but its value is never read.
src/components/financeiro/TermsOfUseModal.tsx(1,1): error TS6133: 'React' is declared but its value is never read.
src/components/financeiro/TermsOfUseModal.tsx(11,57): error TS6133: 'FileText' is declared but its value is never read.
src/components/financeiro/TermsOfUseModal.tsx(11,67): error TS6133: 'Eye' is declared but its value is never read.
src/components/financeiro/TermsOfUseModal.tsx(11,72): error TS6133: 'Share2' is declared but its value is never read.
src/components/financeiro/TermsOfUseModal.tsx(11,86): error TS6133: 'Server' is declared but its value is never read.
src/components/landing/Footer.tsx(8,9): error TS6133: 'currentYear' is declared but its value is never read.
src/components/landing/HeroVisual.tsx(8,27): error TS6133: 'Clipboard' is declared but its value is never read.
src/components/landing/HeroVisual.tsx(8,53): error TS6133: 'ChevronRight' is declared but its value is never read.
src/components/landing/HeroVisual.tsx(8,83): error TS6133: 'Phone' is declared but its value is never read.
src/components/landing/HeroVisual.tsx(8,95): error TS6133: 'Settings' is declared but its value is never read.
src/components/landing/HeroVisual.tsx(9,5): error TS6133: 'MapPin' is declared but its value is never read.
src/components/landing/HeroVisual.tsx(9,13): error TS6133: 'Clock' is declared but its value is never read.
src/components/landing/HeroVisual.tsx(9,52): error TS6133: 'Receipt' is declared but its value is never read.
src/components/landing/HeroVisual.tsx(9,61): error TS6133: 'CreditCard' is declared but its value is never read.
src/components/landing/HeroVisual.tsx(9,79): error TS6133: 'PieChart' is declared but its value is never read.
src/components/landing/HeroVisual.tsx(9,89): error TS6133: 'Info' is declared but its value is never read.
src/components/landing/HeroVisual.tsx(10,5): error TS6133: 'Share2' is declared but its value is never read.
src/components/landing/HeroVisual.tsx(11,15): error TS6133: 'Filter' is declared but its value is never read.
src/components/landing/HeroVisual.tsx(11,23): error TS6133: 'CheckCircle2' is declared but its value is never read.
src/components/landing/HeroVisual.tsx(11,37): error TS6133: 'AlertCircle' is declared but its value is never read.
src/components/landing/HeroVisual.tsx(159,45): error TS6133: 'apt' is declared but its value is never read.
src/components/landing/LandingMobileNav.tsx(6,10): error TS6133: 'Home' is declared but its value is never read.
src/components/landing/LandingMobileNav.tsx(6,16): error TS6133: 'Layers' is declared but its value is never read.
src/components/landing/LandingMobileNav.tsx(6,24): error TS6133: 'PieChart' is declared but its value is never read.
src/components/notes/FilesManager.tsx(128,9): error TS2769: No overload matches this call.
  Overload 1 of 3, '(options: DefinedInitialDataOptions<FileItem[], Error, FileItem[], readonly unknown[]>, queryClient?: QueryClient | undefined): DefinedUseQueryResult<...>', gave the following error.
    Type '() => Promise<{ name: string; id: string; created_at: string | null; size: number; path: string; mimetype: string | undefined; }[]>' is not assignable to type 'QueryFunction<FileItem[], readonly unknown[]>'.
      Type 'Promise<{ name: string; id: string; created_at: string | null; size: number; path: string; mimetype: string | undefined; }[]>' is not assignable to type 'FileItem[] | Promise<FileItem[]>'.
        Type 'Promise<{ name: string; id: string; created_at: string | null; size: number; path: string; mimetype: string | undefined; }[]>' is not assignable to type 'Promise<FileItem[]>'.
          Type '{ name: string; id: string; created_at: string | null; size: number; path: string; mimetype: string | undefined; }[]' is not assignable to type 'FileItem[]'.
            Type '{ name: string; id: string; created_at: string | null; size: number; path: string; mimetype: string | undefined; }' is not assignable to type 'FileItem'.
              Types of property 'created_at' are incompatible.
                Type 'string | null' is not assignable to type 'string'.
                  Type 'null' is not assignable to type 'string'.
  Overload 2 of 3, '(options: UndefinedInitialDataOptions<FileItem[], Error, FileItem[], readonly unknown[]>, queryClient?: QueryClient | undefined): UseQueryResult<...>', gave the following error.
    Type '() => Promise<{ name: string; id: string; created_at: string | null; size: number; path: string; mimetype: string | undefined; }[]>' is not assignable to type 'unique symbol | QueryFunction<FileItem[], readonly unknown[], never> | undefined'.
      Type '() => Promise<{ name: string; id: string; created_at: string | null; size: number; path: string; mimetype: string | undefined; }[]>' is not assignable to type 'QueryFunction<FileItem[], readonly unknown[], never>'.
        Type 'Promise<{ name: string; id: string; created_at: string | null; size: number; path: string; mimetype: string | undefined; }[]>' is not assignable to type 'FileItem[] | Promise<FileItem[]>'.
          Type 'Promise<{ name: string; id: string; created_at: string | null; size: number; path: string; mimetype: string | undefined; }[]>' is not assignable to type 'Promise<FileItem[]>'.
            Type '{ name: string; id: string; created_at: string | null; size: number; path: string; mimetype: string | undefined; }[]' is not assignable to type 'FileItem[]'.
              Type '{ name: string; id: string; created_at: string | null; size: number; path: string; mimetype: string | undefined; }' is not assignable to type 'FileItem'.
                Types of property 'created_at' are incompatible.
                  Type 'string | null' is not assignable to type 'string'.
                    Type 'null' is not assignable to type 'string'.
  Overload 3 of 3, '(options: UseQueryOptions<FileItem[], Error, FileItem[], readonly unknown[]>, queryClient?: QueryClient | undefined): UseQueryResult<FileItem[], Error>', gave the following error.
    Type '() => Promise<{ name: string; id: string; created_at: string | null; size: number; path: string; mimetype: string | undefined; }[]>' is not assignable to type 'unique symbol | QueryFunction<FileItem[], readonly unknown[], never> | undefined'.
      Type '() => Promise<{ name: string; id: string; created_at: string | null; size: number; path: string; mimetype: string | undefined; }[]>' is not assignable to type 'QueryFunction<FileItem[], readonly unknown[], never>'.
        Type 'Promise<{ name: string; id: string; created_at: string | null; size: number; path: string; mimetype: string | undefined; }[]>' is not assignable to type 'FileItem[] | Promise<FileItem[]>'.
          Type 'Promise<{ name: string; id: string; created_at: string | null; size: number; path: string; mimetype: string | undefined; }[]>' is not assignable to type 'Promise<FileItem[]>'.
            Type '{ name: string; id: string; created_at: string | null; size: number; path: string; mimetype: string | undefined; }[]' is not assignable to type 'FileItem[]'.
              Type '{ name: string; id: string; created_at: string | null; size: number; path: string; mimetype: string | undefined; }' is not assignable to type 'FileItem'.
                Types of property 'created_at' are incompatible.
                  Type 'string | null' is not assignable to type 'string'.
                    Type 'null' is not assignable to type 'string'.
src/components/notes/FilesManager.tsx(178,47): error TS2322: Type '{ name: string; id: string; created_at: string | null; size: number; path: string; mimetype: string | undefined; }[]' is not assignable to type 'FileItem[]'.
  Type '{ name: string; id: string; created_at: string | null; size: number; path: string; mimetype: string | undefined; }' is not assignable to type 'FileItem'.
    Types of property 'created_at' are incompatible.
      Type 'string | null' is not assignable to type 'string'.
        Type 'null' is not assignable to type 'string'.
src/components/notes/FilesManager.tsx(371,57): error TS2339: Property 'filter' does not exist on type 'never[] | NonNullable<NoInfer_2<TQueryFnData>>'.
  Property 'filter' does not exist on type 'NonNullable<NoInfer_2<TQueryFnData>>'.
src/components/notes/FilesManager.tsx(371,65): error TS7006: Parameter 'f' implicitly has an 'any' type.
src/components/notes/FilesManager.tsx(580,65): error TS7006: Parameter 'file' implicitly has an 'any' type.
src/components/notes/FilesManager.tsx(598,65): error TS7006: Parameter 'file' implicitly has an 'any' type.
src/components/notes/NewProntuarioModal.tsx(9,1): error TS6133: 'cn' is declared but its value is never read.
src/components/notes/SegundoCerebro.tsx(127,21): error TS2345: Argument of type '{ name: string; id: string; created_at: string | null; size: number; path: string; mimetype: string | undefined; }[]' is not assignable to parameter of type 'SetStateAction<FileItem[]>'.
  Type '{ name: string; id: string; created_at: string | null; size: number; path: string; mimetype: string | undefined; }[]' is not assignable to type 'FileItem[]'.
    Type '{ name: string; id: string; created_at: string | null; size: number; path: string; mimetype: string | undefined; }' is not assignable to type 'FileItem'.
      Types of property 'created_at' are incompatible.
        Type 'string | null' is not assignable to type 'string'.
          Type 'null' is not assignable to type 'string'.
src/components/notes/SegundoCerebro.tsx(160,51): error TS2322: Type '{ name: string; id: string; created_at: string | null; size: number; path: string; mimetype: string | undefined; }[]' is not assignable to type 'FileItem[]'.
  Type '{ name: string; id: string; created_at: string | null; size: number; path: string; mimetype: string | undefined; }' is not assignable to type 'FileItem'.
    Types of property 'created_at' are incompatible.
      Type 'string | null' is not assignable to type 'string'.
        Type 'null' is not assignable to type 'string'.
src/components/onboarding/TourContext.tsx(2,1): error TS6133: 'useAuth' is declared but its value is never read.
src/components/patients/PatientDocumentsTab.tsx(12,77): error TS6133: 'X' is declared but its value is never read.
src/components/settings/EmbeddedOnboarding.tsx(1,8): error TS6133: 'React' is declared but its value is never read.
src/components/settings/EmbeddedOnboarding.tsx(16,54): error TS2554: Expected 1-2 arguments, but got 0.
src/components/settings/EmbeddedOnboarding.tsx(57,52): error TS2554: Expected 1-2 arguments, but got 0.
src/components/settings/NeuroNexPayWizard.tsx(4,1): error TS6133: 'useFinancialAccount' is declared but its value is never read.
src/components/settings/NeuroNexPayWizard.tsx(8,8): error TS6133: 'React' is declared but its value is never read.
src/components/synapse/SynapseAllActionsModal.tsx(2,1): error TS6133: 'cn' is declared but its value is never read.
src/components/synapse/SynapseCompactPanel.tsx(69,11): error TS6133: 'navigate' is declared but its value is never read.
src/components/synapse/SynapseWidgetRenderer.tsx(9,5): error TS6133: 'FileText' is declared but its value is never read.
src/components/synapse/SynapseWidgetRenderer.tsx(13,5): error TS6133: 'Activity' is declared but its value is never read.
src/components/synapse/SynapseWidgetRenderer.tsx(42,7): error TS6133: 'toBrazilDate' is declared but its value is never read.
src/components/synapse/SynapseWidgetRenderer.tsx(75,42): error TS6133: 'title' is declared but its value is never read.
src/hooks/use-landing-synapse.ts(1,33): error TS6133: 'useEffect' is declared but its value is never read.
src/hooks/use-patient-documents.ts(34,3): error TS2322: Type '{ name: string; id: string | null; created_at: string | null; size: number; path: string; mimetype: string | undefined; }[]' is not assignable to type 'FileObject[]'.
  Type '{ name: string; id: string | null; created_at: string | null; size: number; path: string; mimetype: string | undefined; }' is not assignable to type 'FileObject'.
    Types of property 'id' are incompatible.
      Type 'string | null' is not assignable to type 'string'.
        Type 'null' is not assignable to type 'string'.
src/hooks/use-patient-shared-documents.ts(34,3): error TS2322: Type '{ name: string; id: string | null; created_at: string | null; size: number; path: string; }[]' is not assignable to type 'FileObject[]'.
  Type '{ name: string; id: string | null; created_at: string | null; size: number; path: string; }' is not assignable to type 'FileObject'.
    Types of property 'id' are incompatible.
      Type 'string | null' is not assignable to type 'string'.
        Type 'null' is not assignable to type 'string'.
src/mobile/pages/MobileAIChat.tsx(20,32): error TS6133: 'ChevronRight' is declared but its value is never read.
src/mobile/pages/MobileSettings.tsx(12,16): error TS6133: 'Banknote' is declared but its value is never read.
src/mobile/pages/MobileSettings.tsx(13,36): error TS6133: 'ArrowRight' is declared but its value is never read.
src/pages/desktop/DesktopDashboard.tsx(117,11): error TS6133: 'navigate' is declared but its value is never read.
src/pages/desktop/DesktopFinanceiro.tsx(485,29): error TS2322: Type '{ selectedTransaction: Transaction | null; setSelectedTransaction: Dispatch<SetStateAction<Transaction | null>>; activeView: FinanceView; ... 13 more ...; isNbStatementLoading: boolean; }' is not assignable to type 'IntrinsicAttributes & FinancialDashboardProps'.
  Property 'isConnected' does not exist on type 'IntrinsicAttributes & FinancialDashboardProps'.
src/pages/patients-view/index.tsx(34,12): error TS6133: 'isSearchVisible' is declared but its value is never read.
src/pages/patients-view/index.tsx(34,29): error TS6133: 'setIsSearchVisible' is declared but its value is never read.
